// Jest Snapshot v1, https://goo.gl/fbAQLP

exports[`Dashboard matches snapshot 1`] = `
Object {
  "asFragment": [Function],
  "baseElement": <body>
    <div>
      <div>
        <h2
          class="center"
        >
          Home
        </h2>
        <div>
          <div>
            <h3
              class="center"
            >
              New Questions
            </h3>
            <div
              class="question-container"
            >
              <div
                class="question"
              >
                <span
                  class="center"
                >
                  <b>
                    mtsamis
                  </b>
                </span>
                <span
                  class="center"
                >
                  4/30/2017, 3:16:07 PM
                </span>
                <button
                  class="btn-md green"
                >
                  Show
                </button>
              </div>
              <div
                class="question"
              >
                <span
                  class="center"
                >
                  <b>
                    tylermcginnis
                  </b>
                </span>
                <span
                  class="center"
                >
                  3/15/2017, 8:09:27 AM
                </span>
                <button
                  class="btn-md green"
                >
                  Show
                </button>
              </div>
            </div>
          </div>
          <div>
            <h3
              class="center"
            >
              Done
            </h3>
            <div
              class="question-container"
            >
              <div
                class="question"
              >
                <span
                  class="center"
                >
                  <b>
                    sarahedo
                  </b>
                </span>
                <span
                  class="center"
                >
                  3/3/2017, 5:22:47 PM
                </span>
                <button
                  class="btn-md green"
                >
                  Show
                </button>
              </div>
              <div
                class="question"
              >
                <span
                  class="center"
                >
                  <b>
                    tylermcginnis
                  </b>
                </span>
                <span
                  class="center"
                >
                  12/24/2016, 6:42:47 AM
                </span>
                <button
                  class="btn-md green"
                >
                  Show
                </button>
              </div>
              <div
                class="question"
              >
                <span
                  class="center"
                >
                  <b>
                    mtsamis
                  </b>
                </span>
                <span
                  class="center"
                >
                  7/14/2016, 3:02:47 AM
                </span>
                <button
                  class="btn-md green"
                >
                  Show
                </button>
              </div>
              <div
                class="question"
              >
                <span
                  class="center"
                >
                  <b>
                    sarahedo
                  </b>
                </span>
                <span
                  class="center"
                >
                  6/28/2016, 10:21:12 PM
                </span>
                <button
                  class="btn-md green"
                >
                  Show
                </button>
              </div>
            </div>
          </div>
        </div>
      </div>
    </div>
  </body>,
  "container": <div>
    <div>
      <h2
        class="center"
      >
        Home
      </h2>
      <div>
        <div>
          <h3
            class="center"
          >
            New Questions
          </h3>
          <div
            class="question-container"
          >
            <div
              class="question"
            >
              <span
                class="center"
              >
                <b>
                  mtsamis
                </b>
              </span>
              <span
                class="center"
              >
                4/30/2017, 3:16:07 PM
              </span>
              <button
                class="btn-md green"
              >
                Show
              </button>
            </div>
            <div
              class="question"
            >
              <span
                class="center"
              >
                <b>
                  tylermcginnis
                </b>
              </span>
              <span
                class="center"
              >
                3/15/2017, 8:09:27 AM
              </span>
              <button
                class="btn-md green"
              >
                Show
              </button>
            </div>
          </div>
        </div>
        <div>
          <h3
            class="center"
          >
            Done
          </h3>
          <div
            class="question-container"
          >
            <div
              class="question"
            >
              <span
                class="center"
              >
                <b>
                  sarahedo
                </b>
              </span>
              <span
                class="center"
              >
                3/3/2017, 5:22:47 PM
              </span>
              <button
                class="btn-md green"
              >
                Show
              </button>
            </div>
            <div
              class="question"
            >
              <span
                class="center"
              >
                <b>
                  tylermcginnis
                </b>
              </span>
              <span
                class="center"
              >
                12/24/2016, 6:42:47 AM
              </span>
              <button
                class="btn-md green"
              >
                Show
              </button>
            </div>
            <div
              class="question"
            >
              <span
                class="center"
              >
                <b>
                  mtsamis
                </b>
              </span>
              <span
                class="center"
              >
                7/14/2016, 3:02:47 AM
              </span>
              <button
                class="btn-md green"
              >
                Show
              </button>
            </div>
            <div
              class="question"
            >
              <span
                class="center"
              >
                <b>
                  sarahedo
                </b>
              </span>
              <span
                class="center"
              >
                6/28/2016, 10:21:12 PM
              </span>
              <button
                class="btn-md green"
              >
                Show
              </button>
            </div>
          </div>
        </div>
      </div>
    </div>
  </div>,
  "debug": [Function],
  "findAllByAltText": [Function],
  "findAllByDisplayValue": [Function],
  "findAllByLabelText": [Function],
  "findAllByPlaceholderText": [Function],
  "findAllByRole": [Function],
  "findAllByTestId": [Function],
  "findAllByText": [Function],
  "findAllByTitle": [Function],
  "findByAltText": [Function],
  "findByDisplayValue": [Function],
  "findByLabelText": [Function],
  "findByPlaceholderText": [Function],
  "findByRole": [Function],
  "findByTestId": [Function],
  "findByText": [Function],
  "findByTitle": [Function],
  "getAllByAltText": [Function],
  "getAllByDisplayValue": [Function],
  "getAllByLabelText": [Function],
  "getAllByPlaceholderText": [Function],
  "getAllByRole": [Function],
  "getAllByTestId": [Function],
  "getAllByText": [Function],
  "getAllByTitle": [Function],
  "getByAltText": [Function],
  "getByDisplayValue": [Function],
  "getByLabelText": [Function],
  "getByPlaceholderText": [Function],
  "getByRole": [Function],
  "getByTestId": [Function],
  "getByText": [Function],
  "getByTitle": [Function],
  "queryAllByAltText": [Function],
  "queryAllByDisplayValue": [Function],
  "queryAllByLabelText": [Function],
  "queryAllByPlaceholderText": [Function],
  "queryAllByRole": [Function],
  "queryAllByTestId": [Function],
  "queryAllByText": [Function],
  "queryAllByTitle": [Function],
  "queryByAltText": [Function],
  "queryByDisplayValue": [Function],
  "queryByLabelText": [Function],
  "queryByPlaceholderText": [Function],
  "queryByRole": [Function],
  "queryByTestId": [Function],
  "queryByText": [Function],
  "queryByTitle": [Function],
  "rerender": [Function],
  "unmount": [Function],
}
`;
